
> snapdraft-3d@0.0.0 build
> vue-tsc -b && vite build

src/App.vue(10,7): error TS6133: 'partsBinStore' is declared but its value is never read.
src/App.vue(11,7): error TS6133: 'sceneStore' is declared but its value is never read.
src/components/AddPartModal.vue(2,15): error TS6133: 'onMounted' is declared but its value is never read.
src/components/AddPartModal.vue(4,1): error TS6133: 'useSceneStore' is declared but its value is never read.
src/components/AddPartModal.vue(6,1): error TS6133: 'useHistoryStore' is declared but its value is never read.
src/components/AddPartModal.vue(8,31): error TS6196: 'Dimensions' is declared but never used.
src/components/AddPartModal.vue(70,9): error TS6133: 'id' is declared but its value is never read.
src/components/Canvas3D.vue(2,26): error TS6133: 'onUnmounted' is declared but its value is never read.
src/components/Canvas3D.vue(14,1): error TS6133: 'distanceBetween' is declared but its value is never read.
src/components/Canvas3D.vue(19,7): error TS6133: 'historyStore' is declared but its value is never read.
src/components/Canvas3D.vue(26,3): error TS6133: 'isInitialized' is declared but its value is never read.
src/components/Canvas3D.vue(29,3): error TS6133: 'addPartToScene' is declared but its value is never read.
src/components/Canvas3D.vue(30,3): error TS6133: 'removePartFromScene' is declared but its value is never read.
src/components/Canvas3D.vue(31,3): error TS6133: 'updateMesh' is declared but its value is never read.
src/components/Canvas3D.vue(33,3): error TS6133: 'showGhostMesh' is declared but its value is never read.
src/components/Canvas3D.vue(34,3): error TS6133: 'hideGhostMesh' is declared but its value is never read.
src/components/Canvas3D.vue(37,3): error TS6133: 'mouseRef' is declared but its value is never read.
src/components/Canvas3D.vue(38,3): error TS6133: 'raycasterRef' is declared but its value is never read.
src/components/Canvas3D.vue(41,37): error TS6133: 'setMultipleSelection' is declared but its value is never read.
src/components/Canvas3D.vue(43,3): error TS2345: Argument of type 'Ref<{ readonly isScene: boolean; background: { readonly isColor: true; r: number; g: number; b: number; set: (...args: [color: ColorRepresentation] | [r: number, g: number, b: number]) => Color; ... 34 more ...; [Symbol.iterator]: () => Generator<...>; } | { ...; } | null; ... 92 more ...; dispatchEvent: <T extends ...' is not assignable to parameter of type '{ value: Scene<Object3DEventMap> | null; }'.
  Types of property 'value' are incompatible.
    Type '{ readonly isScene: boolean; background: { readonly isColor: true; r: number; g: number; b: number; set: (...args: [color: ColorRepresentation] | [r: number, g: number, b: number]) => Color; ... 34 more ...; [Symbol.iterator]: () => Generator<...>; } | { ...; } | null; ... 92 more ...; dispatchEvent: <T extends keyo...' is not assignable to type 'Scene<Object3DEventMap> | null'.
      Type '{ readonly isScene: boolean; background: { readonly isColor: true; r: number; g: number; b: number; set: (...args: [color: ColorRepresentation] | [r: number, g: number, b: number]) => Color; ... 34 more ...; [Symbol.iterator]: () => Generator<...>; } | { ...; } | null; ... 92 more ...; dispatchEvent: <T extends keyo...' is not assignable to type 'Scene<Object3DEventMap>'.
        Types of property 'environmentNode' are incompatible.
          Type '{ nodeType: string | null; updateType: NodeUpdateType; updateBeforeType: NodeUpdateType; updateAfterType: NodeUpdateType; readonly version: number; ... 533 more ...; __TypeScript_NODE_TYPE__: "vec3"; } | null | undefined' is not assignable to type 'Node<"vec3"> | null | undefined'.
            Type '{ nodeType: string | null; updateType: NodeUpdateType; updateBeforeType: NodeUpdateType; updateAfterType: NodeUpdateType; readonly version: number; ... 533 more ...; __TypeScript_NODE_TYPE__: "vec3"; }' is not assignable to type 'Node<"vec3">'.
              Type '{ nodeType: string | null; updateType: NodeUpdateType; updateBeforeType: NodeUpdateType; updateAfterType: NodeUpdateType; readonly version: number; ... 533 more ...; __TypeScript_NODE_TYPE__: "vec3"; }' is missing the following properties from type 'NodeClass<NodeClassEventMap>': _cacheKey, _uuid, _cacheKeyVersion, _getChildren
src/components/Canvas3D.vue(47,29): error TS6133: 'snapRotationTo90' is declared but its value is never read.
src/components/Canvas3D.vue(48,66): error TS2345: Argument of type 'Ref<{ readonly isScene: boolean; background: { readonly isColor: true; r: number; g: number; b: number; set: (...args: [color: ColorRepresentation] | [r: number, g: number, b: number]) => Color; ... 34 more ...; [Symbol.iterator]: () => Generator<...>; } | { ...; } | null; ... 92 more ...; dispatchEvent: <T extends ...' is not assignable to parameter of type '{ value: Scene<Object3DEventMap> | null; }'.
  Types of property 'value' are incompatible.
    Type '{ readonly isScene: boolean; background: { readonly isColor: true; r: number; g: number; b: number; set: (...args: [color: ColorRepresentation] | [r: number, g: number, b: number]) => Color; ... 34 more ...; [Symbol.iterator]: () => Generator<...>; } | { ...; } | null; ... 92 more ...; dispatchEvent: <T extends keyo...' is not assignable to type 'Scene<Object3DEventMap> | null'.
      Type '{ readonly isScene: boolean; background: { readonly isColor: true; r: number; g: number; b: number; set: (...args: [color: ColorRepresentation] | [r: number, g: number, b: number]) => Color; ... 34 more ...; [Symbol.iterator]: () => Generator<...>; } | { ...; } | null; ... 92 more ...; dispatchEvent: <T extends keyo...' is not assignable to type 'Scene<Object3DEventMap>'.
        Types of property 'environmentNode' are incompatible.
          Type '{ nodeType: string | null; updateType: NodeUpdateType; updateBeforeType: NodeUpdateType; updateAfterType: NodeUpdateType; readonly version: number; ... 533 more ...; __TypeScript_NODE_TYPE__: "vec3"; } | null | undefined' is not assignable to type 'Node<"vec3"> | null | undefined'.
            Type '{ nodeType: string | null; updateType: NodeUpdateType; updateBeforeType: NodeUpdateType; updateAfterType: NodeUpdateType; readonly version: number; ... 533 more ...; __TypeScript_NODE_TYPE__: "vec3"; }' is not assignable to type 'Node<"vec3">'.
              Type '{ nodeType: string | null; updateType: NodeUpdateType; updateBeforeType: NodeUpdateType; updateAfterType: NodeUpdateType; readonly version: number; ... 533 more ...; __TypeScript_NODE_TYPE__: "vec3"; }' is missing the following properties from type 'NodeClass<NodeClassEventMap>': _cacheKey, _uuid, _cacheKeyVersion, _getChildren
src/components/Canvas3D.vue(54,7): error TS6133: 'measurementPoints' is declared but its value is never read.
src/components/Canvas3D.vue(55,7): error TS6133: 'measurementDistance' is declared but its value is never read.
src/components/Canvas3D.vue(70,26): error TS2345: Argument of type 'TransformControls' is not assignable to parameter of type 'Object3D<Object3DEventMap>'.
  Type 'TransformControls' is missing the following properties from type 'Object3D<Object3DEventMap>': isObject3D, id, uuid, name, and 69 more.
src/components/Canvas3D.vue(126,33): error TS2339: Property 'object' does not exist on type 'Mesh<BufferGeometry<NormalBufferAttributes, BufferGeometryEventMap>, Material<MaterialEventMap> | Material<...>[], Object3DEventMap>'.
src/components/Inspector.vue(2,10): error TS6133: 'ref' is declared but its value is never read.
src/components/Inspector.vue(7,27): error TS6133: 'formatCurrency' is declared but its value is never read.
src/components/Inspector.vue(7,43): error TS6133: 'inchesToDisplay' is declared but its value is never read.
src/components/Inspector.vue(8,10): error TS6133: 'degreesToRadians' is declared but its value is never read.
src/components/Inspector.vue(8,46): error TS6133: 'normalizeAngle' is declared but its value is never read.
src/components/Toolbar.vue(5,58): error TS6133: 'loadFromLocalStorage' is declared but its value is never read.
src/components/Toolbar.vue(52,13): error TS2591: Cannot find name 'require'. Do you need to install type definitions for node? Try `npm i --save-dev @types/node` and then add 'node' to the types field in your tsconfig.
src/composables/useCamera.ts(6,3): error TS6133: 'sceneRef' is declared but its value is never read.
src/composables/useKeyboardShortcuts.ts(1,1): error TS6192: All imports in import declaration are unused.
src/composables/useScene3D.ts(1,25): error TS6133: 'onMounted' is declared but its value is never read.
src/composables/useScene3D.ts(1,36): error TS6133: 'onUnmounted' is declared but its value is never read.
src/composables/useScene3D.ts(6,27): error TS6196: 'Dimensions' is declared but never used.
src/composables/useScene3D.ts(8,11): error TS6196: 'MeshData' is declared but never used.
src/composables/useScene3D.ts(24,9): error TS6133: 'transformControlsRef' is declared but its value is never read.
src/composables/useScene3D.ts(25,9): error TS6133: 'orbitControlsRef' is declared but its value is never read.
src/composables/useSelection.ts(7,3): error TS6133: 'sceneRef' is declared but its value is never read.
src/composables/useSelection.ts(8,3): error TS6133: 'cameraRef' is declared but its value is never read.
src/composables/useSelection.ts(11,9): error TS6133: 'outlinePass' is declared but its value is never read.
src/composables/useSelection.ts(12,9): error TS6133: 'composer' is declared but its value is never read.
src/composables/useSnapping.ts(1,1): error TS6192: All imports in import declaration are unused.
src/composables/useSnapping.ts(5,1): error TS6133: 'PlacedPart' is declared but its value is never read.
src/stores/historyStore.ts(4,32): error TS6196: 'PlacedPart' is declared but never used.
src/stores/historyStore.ts(4,44): error TS6196: 'Layer' is declared but never used.
