src/App.vue(10,7): error TS6133: 'partsBinStore' is declared but its value is never read.
src/App.vue(11,7): error TS6133: 'sceneStore' is declared but its value is never read.
src/components/AddPartModal.vue(2,15): error TS6133: 'onMounted' is declared but its value is never read.
src/components/AddPartModal.vue(4,1): error TS6133: 'useSceneStore' is declared but its value is never read.
src/components/AddPartModal.vue(6,1): error TS6133: 'useHistoryStore' is declared but its value is never read.
src/components/AddPartModal.vue(8,31): error TS6196: 'Dimensions' is declared but never used.
src/components/AddPartModal.vue(70,9): error TS6133: 'id' is declared but its value is never read.
src/components/Canvas3D.vue(2,26): error TS6133: 'onUnmounted' is declared but its value is never read.
src/components/Canvas3D.vue(20,7): error TS6133: 'historyStore' is declared but its value is never read.
src/components/Canvas3D.vue(37,3): error TS2345: Argument of type 'Ref<{ readonly isScene: boolean; background: { readonly isColor: true; r: number; g: number; b: number; set: (...args: [color: ColorRepresentation] | [r: number, g: number, b: number]) => Color; ... 34 more ...; [Symbol.iterator]: () => Generator<...>; } | { ...; } | null; ... 92 more ...; dispatchEvent: <T extends ...' is not assignable to parameter of type '{ value: Scene<Object3DEventMap> | null; }'.
  Types of property 'value' are incompatible.
    Type '{ readonly isScene: boolean; background: { readonly isColor: true; r: number; g: number; b: number; set: (...args: [color: ColorRepresentation] | [r: number, g: number, b: number]) => Color; ... 34 more ...; [Symbol.iterator]: () => Generator<...>; } | { ...; } | null; ... 92 more ...; dispatchEvent: <T extends keyo...' is not assignable to type 'Scene<Object3DEventMap> | null'.
      Type '{ readonly isScene: boolean; background: { readonly isColor: true; r: number; g: number; b: number; set: (...args: [color: ColorRepresentation] | [r: number, g: number, b: number]) => Color; ... 34 more ...; [Symbol.iterator]: () => Generator<...>; } | { ...; } | null; ... 92 more ...; dispatchEvent: <T extends keyo...' is not assignable to type 'Scene<Object3DEventMap>'.
        Types of property 'environmentNode' are incompatible.
          Type '{ nodeType: string | null; updateType: NodeUpdateType; updateBeforeType: NodeUpdateType; updateAfterType: NodeUpdateType; readonly version: number; ... 533 more ...; __TypeScript_NODE_TYPE__: "vec3"; } | null | undefined' is not assignable to type 'Node<"vec3"> | null | undefined'.
            Type '{ nodeType: string | null; updateType: NodeUpdateType; updateBeforeType: NodeUpdateType; updateAfterType: NodeUpdateType; readonly version: number; ... 533 more ...; __TypeScript_NODE_TYPE__: "vec3"; }' is not assignable to type 'Node<"vec3">'.
              Type '{ nodeType: string | null; updateType: NodeUpdateType; updateBeforeType: NodeUpdateType; updateAfterType: NodeUpdateType; readonly version: number; ... 533 more ...; __TypeScript_NODE_TYPE__: "vec3"; }' is missing the following properties from type 'NodeClass<NodeClassEventMap>': _cacheKey, _uuid, _cacheKeyVersion, _getChildren
src/components/Canvas3D.vue(42,66): error TS2345: Argument of type 'Ref<{ readonly isScene: boolean; background: { readonly isColor: true; r: number; g: number; b: number; set: (...args: [color: ColorRepresentation] | [r: number, g: number, b: number]) => Color; ... 34 more ...; [Symbol.iterator]: () => Generator<...>; } | { ...; } | null; ... 92 more ...; dispatchEvent: <T extends ...' is not assignable to parameter of type '{ value: Scene<Object3DEventMap> | null; }'.
  Types of property 'value' are incompatible.
    Type '{ readonly isScene: boolean; background: { readonly isColor: true; r: number; g: number; b: number; set: (...args: [color: ColorRepresentation] | [r: number, g: number, b: number]) => Color; ... 34 more ...; [Symbol.iterator]: () => Generator<...>; } | { ...; } | null; ... 92 more ...; dispatchEvent: <T extends keyo...' is not assignable to type 'Scene<Object3DEventMap> | null'.
      Type '{ readonly isScene: boolean; background: { readonly isColor: true; r: number; g: number; b: number; set: (...args: [color: ColorRepresentation] | [r: number, g: number, b: number]) => Color; ... 34 more ...; [Symbol.iterator]: () => Generator<...>; } | { ...; } | null; ... 92 more ...; dispatchEvent: <T extends keyo...' is not assignable to type 'Scene<Object3DEventMap>'.
        Types of property 'environmentNode' are incompatible.
          Type '{ nodeType: string | null; updateType: NodeUpdateType; updateBeforeType: NodeUpdateType; updateAfterType: NodeUpdateType; readonly version: number; ... 533 more ...; __TypeScript_NODE_TYPE__: "vec3"; } | null | undefined' is not assignable to type 'Node<"vec3"> | null | undefined'.
            Type '{ nodeType: string | null; updateType: NodeUpdateType; updateBeforeType: NodeUpdateType; updateAfterType: NodeUpdateType; readonly version: number; ... 533 more ...; __TypeScript_NODE_TYPE__: "vec3"; }' is not assignable to type 'Node<"vec3">'.
              Type '{ nodeType: string | null; updateType: NodeUpdateType; updateBeforeType: NodeUpdateType; updateAfterType: NodeUpdateType; readonly version: number; ... 533 more ...; __TypeScript_NODE_TYPE__: "vec3"; }' is missing the following properties from type 'NodeClass<NodeClassEventMap>': _cacheKey, _uuid, _cacheKeyVersion, _getChildren
src/components/Canvas3D.vue(61,24): error TS2345: Argument of type 'TransformControls' is not assignable to parameter of type 'Object3D<Object3DEventMap>'.
  Type 'TransformControls' is missing the following properties from type 'Object3D<Object3DEventMap>': isObject3D, id, uuid, name, and 69 more.
src/components/Inspector.vue(2,10): error TS6133: 'ref' is declared but its value is never read.
src/components/Inspector.vue(7,27): error TS6133: 'formatCurrency' is declared but its value is never read.
src/components/Inspector.vue(7,43): error TS6133: 'inchesToDisplay' is declared but its value is never read.
src/components/Inspector.vue(8,10): error TS6133: 'degreesToRadians' is declared but its value is never read.
src/components/Inspector.vue(8,46): error TS6133: 'normalizeAngle' is declared but its value is never read.
src/composables/useCamera.ts(6,3): error TS6133: 'sceneRef' is declared but its value is never read.
src/composables/useKeyboardShortcuts.ts(1,1): error TS6192: All imports in import declaration are unused.
src/composables/useSelection.ts(7,3): error TS6133: 'sceneRef' is declared but its value is never read.
src/composables/useSelection.ts(8,3): error TS6133: 'cameraRef' is declared but its value is never read.
src/composables/useSnapping.ts(1,1): error TS6192: All imports in import declaration are unused.
src/composables/useSnapping.ts(5,1): error TS6133: 'PlacedPart' is declared but its value is never read.
src/stores/historyStore.ts(4,32): error TS6196: 'PlacedPart' is declared but never used.
src/stores/historyStore.ts(4,44): error TS6196: 'Layer' is declared but never used.
